// Jest Snapshot v1, https://goo.gl/fbAQLP

exports[`BackSplash renders correctly 1`] = `
<div
  id="backSplashContainerWrapper"
>
  <div
    id="backSplashContainer"
  />
</div>
`;
