// Jest Snapshot v1, https://goo.gl/fbAQLP

exports[`Navbar renders correctly 1`] = `
<div
  className="navbar row"
>
  <a
    className="navButtonContainer"
    href="/stats/dashboard"
    onClick={[Function]}
  >
    <button
      className="navButton col-2 col-s-6 stats"
    >
      Stats
    </button>
  </a>
  <a
    className="navButtonContainer"
    href="/home/map"
    onClick={[Function]}
  >
    <button
      className="navButton col-2 col-s-6 map"
    >
      Full Map
    </button>
  </a>
  <a
    className="navButtonContainer"
    href="/home/filterLocations"
    onClick={[Function]}
  >
    <button
      className="navButton col-2 col-s-6 filter"
    >
      Filter Locations
    </button>
  </a>
  <a
    className="navButtonContainer"
    href="/home/login"
    onClick={[Function]}
  >
    <button
      className="navButton col-3 col-s-6 login"
    >
      Sign Up or Login
    </button>
  </a>
</div>
`;
